{
  "version": "1.5.47",
  "plugins_used": [
    {
      "name": "ArtifactoryDetector"
    },
    {
      "name": "AWSKeyDetector"
    },
    {
      "name": "AzureStorageKeyDetector"
    },
    {
      "name": "Base64HighEntropyString",
      "limit": 4.5
    },
    {
      "name": "BasicAuthDetector"
    },
    {
      "name": "CloudantDetector"
    },
    {
      "name": "DiscordBotTokenDetector"
    },
    {
      "name": "GitHubTokenDetector"
    },
    {
      "name": "HexHighEntropyString",
      "limit": 3.0
    },
    {
      "name": "IbmCloudIamDetector"
    },
    {
      "name": "IbmCosHmacDetector"
    },
    {
      "name": "JwtTokenDetector"
    },
    {
      "name": "KeywordDetector",
      "keyword_exclude": ""
    },
    {
      "name": "MailchimpDetector"
    },
    {
      "name": "NpmDetector"
    },
    {
      "name": "PrivateKeyDetector"
    },
    {
      "name": "SendGridDetector"
    },
    {
      "name": "SlackDetector"
    },
    {
      "name": "SoftlayerDetector"
    },
    {
      "name": "SquareOAuthDetector"
    },
    {
      "name": "StripeDetector"
    },
    {
      "name": "TwilioKeyDetector"
    }
  ],
  "filters_used": [
    {
      "path": "detect_secrets.filters.allowlist.is_line_allowlisted"
    },
    {
      "path": "detect_secrets.filters.common.is_ignored_due_to_verification_policies",
      "min_level": 2
    },
    {
      "path": "detect_secrets.filters.heuristic.is_indirect_reference"
    },
    {
      "path": "detect_secrets.filters.heuristic.is_likely_id_string"
    },
    {
      "path": "detect_secrets.filters.heuristic.is_lock_file"
    },
    {
      "path": "detect_secrets.filters.heuristic.is_not_alphanumeric_string"
    },
    {
      "path": "detect_secrets.filters.heuristic.is_potential_uuid"
    },
    {
      "path": "detect_secrets.filters.heuristic.is_prefixed_with_dollar_sign"
    },
    {
      "path": "detect_secrets.filters.heuristic.is_sequential_string"
    },
    {
      "path": "detect_secrets.filters.heuristic.is_swagger_file"
    },
    {
      "path": "detect_secrets.filters.heuristic.is_templated_secret"
    }
  ],
  "results": {
    "docs/taskfile_usage.md": [
      {
        "type": "Secret Keyword",
        "filename": "docs/taskfile_usage.md",
        "hashed_secret": "b782302dfd7ed87003a4edb80c60aec332631e26",
        "is_verified": false,
        "line_number": 501
      },
      {
        "type": "Secret Keyword",
        "filename": "docs/taskfile_usage.md",
        "hashed_secret": "a633e102464b26edd19682d975d7eb57db61c73c",
        "is_verified": false,
        "line_number": 507
      },
      {
        "type": "Secret Keyword",
        "filename": "docs/taskfile_usage.md",
        "hashed_secret": "8e6c66eee56e13a84102f57ac92aa0330031574c",
        "is_verified": false,
        "line_number": 513
      }
    ],
    "src/ares/templates/redteam/agents/lateral.md.jinja": [
      {
        "type": "Hex High Entropy String",
        "filename": "src/ares/templates/redteam/agents/lateral.md.jinja",
        "hashed_secret": "95d48052e55fd819280be0b523a1c5d1257a2428",
        "is_verified": false,
        "line_number": 49
      }
    ],
    "tests/cli/test_main.py": [
      {
        "type": "Secret Keyword",
        "filename": "tests/cli/test_main.py",
        "hashed_secret": "889680a10f99c971ad3a7ed3c6109890276145c1",
        "is_verified": false,
        "line_number": 115
      }
    ],
    "tests/cli/test_ops_loot.py": [
      {
        "type": "Hex High Entropy String",
        "filename": "tests/cli/test_ops_loot.py",
        "hashed_secret": "95d48052e55fd819280be0b523a1c5d1257a2428",
        "is_verified": false,
        "line_number": 104
      },
      {
        "type": "Hex High Entropy String",
        "filename": "tests/cli/test_ops_loot.py",
        "hashed_secret": "55c3b5386c486feb662a0785f340938f518d547f",
        "is_verified": false,
        "line_number": 125
      }
    ],
    "tests/conftest.py": [
      {
        "type": "Hex High Entropy String",
        "filename": "tests/conftest.py",
        "hashed_secret": "95d48052e55fd819280be0b523a1c5d1257a2428",
        "is_verified": false,
        "line_number": 328
      }
    ],
    "tests/core/dispatcher/test_announcements.py": [
      {
        "type": "Hex High Entropy String",
        "filename": "tests/core/dispatcher/test_announcements.py",
        "hashed_secret": "95d48052e55fd819280be0b523a1c5d1257a2428",
        "is_verified": false,
        "line_number": 94
      }
    ],
    "tests/core/dispatcher/test_command_parsing.py": [
      {
        "type": "Hex High Entropy String",
        "filename": "tests/core/dispatcher/test_command_parsing.py",
        "hashed_secret": "e8e6c2284ab5bee4de2ee53880c8fc2a4728d3e8",
        "is_verified": false,
        "line_number": 278
      }
    ],
    "tests/core/dispatcher/test_dispatcher.py": [
      {
        "type": "Hex High Entropy String",
        "filename": "tests/core/dispatcher/test_dispatcher.py",
        "hashed_secret": "e4f91dd323bac5bfc4f60a6e433787671dc2421d",
        "is_verified": false,
        "line_number": 1440
      },
      {
        "type": "Hex High Entropy String",
        "filename": "tests/core/dispatcher/test_dispatcher.py",
        "hashed_secret": "95d48052e55fd819280be0b523a1c5d1257a2428",
        "is_verified": false,
        "line_number": 2026
      }
    ],
    "tests/core/dispatcher/test_publishing.py": [
      {
        "type": "Hex High Entropy String",
        "filename": "tests/core/dispatcher/test_publishing.py",
        "hashed_secret": "95d48052e55fd819280be0b523a1c5d1257a2428",
        "is_verified": false,
        "line_number": 100
      }
    ],
    "tests/core/dispatcher/test_result_processing.py": [
      {
        "type": "Hex High Entropy String",
        "filename": "tests/core/dispatcher/test_result_processing.py",
        "hashed_secret": "95d48052e55fd819280be0b523a1c5d1257a2428",
        "is_verified": false,
        "line_number": 416
      }
    ],
    "tests/core/factories/test_red_agents.py": [
      {
        "type": "Hex High Entropy String",
        "filename": "tests/core/factories/test_red_agents.py",
        "hashed_secret": "95d48052e55fd819280be0b523a1c5d1257a2428",
        "is_verified": false,
        "line_number": 350
      }
    ],
    "tests/core/orchestrator/test_orchestrator.py": [
      {
        "type": "Hex High Entropy String",
        "filename": "tests/core/orchestrator/test_orchestrator.py",
        "hashed_secret": "95d48052e55fd819280be0b523a1c5d1257a2428",
        "is_verified": false,
        "line_number": 363
      }
    ],
    "tests/core/test_config.py": [
      {
        "type": "Secret Keyword",
        "filename": "tests/core/test_config.py",
        "hashed_secret": "24e541771358ba67cb98bb2f80f168889a1db278",
        "is_verified": false,
        "line_number": 401
      }
    ],
    "tests/core/test_detection_playbook.py": [
      {
        "type": "Hex High Entropy String",
        "filename": "tests/core/test_detection_playbook.py",
        "hashed_secret": "95d48052e55fd819280be0b523a1c5d1257a2428",
        "is_verified": false,
        "line_number": 58
      },
      {
        "type": "Hex High Entropy String",
        "filename": "tests/core/test_detection_playbook.py",
        "hashed_secret": "6fea3766544347a08004f8c7648712b114614101",
        "is_verified": false,
        "line_number": 64
      }
    ],
    "tests/core/test_evidence_validation.py": [
      {
        "type": "Hex High Entropy String",
        "filename": "tests/core/test_evidence_validation.py",
        "hashed_secret": "67a74306b06d0c01624fe0d0249a570f4d093747",
        "is_verified": false,
        "line_number": 267
      },
      {
        "type": "Hex High Entropy String",
        "filename": "tests/core/test_evidence_validation.py",
        "hashed_secret": "10a34637ad661d98ba3344717656fcc76209c2f8",
        "is_verified": false,
        "line_number": 273
      },
      {
        "type": "Hex High Entropy String",
        "filename": "tests/core/test_evidence_validation.py",
        "hashed_secret": "244f421f896bdcdd2784dccf4eaf7c8dfd5189b5",
        "is_verified": false,
        "line_number": 279
      }
    ],
    "tests/core/test_models.py": [
      {
        "type": "Hex High Entropy String",
        "filename": "tests/core/test_models.py",
        "hashed_secret": "95d48052e55fd819280be0b523a1c5d1257a2428",
        "is_verified": false,
        "line_number": 307
      },
      {
        "type": "Hex High Entropy String",
        "filename": "tests/core/test_models.py",
        "hashed_secret": "0857abc2d90c5d9821229fc0a880f1c38ffb0e04",
        "is_verified": false,
        "line_number": 1359
      },
      {
        "type": "Hex High Entropy String",
        "filename": "tests/core/test_models.py",
        "hashed_secret": "125fbc14773f228e72f16d55be21bad750d30b19",
        "is_verified": false,
        "line_number": 1687
      },
      {
        "type": "Hex High Entropy String",
        "filename": "tests/core/test_models.py",
        "hashed_secret": "fe20c26f4948915bdaa0b509203ff7005d136a22",
        "is_verified": false,
        "line_number": 1897
      }
    ],
    "tests/core/test_network.py": [
      {
        "type": "Hex High Entropy String",
        "filename": "tests/core/test_network.py",
        "hashed_secret": "0a8e7319f26e6b34edab744487f82d7817dac8d2",
        "is_verified": false,
        "line_number": 1139
      }
    ],
    "tests/core/test_task_queue.py": [
      {
        "type": "Hex High Entropy String",
        "filename": "tests/core/test_task_queue.py",
        "hashed_secret": "95d48052e55fd819280be0b523a1c5d1257a2428",
        "is_verified": false,
        "line_number": 1137
      }
    ],
    "tests/core/worker/test_worker.py": [
      {
        "type": "Hex High Entropy String",
        "filename": "tests/core/worker/test_worker.py",
        "hashed_secret": "95d48052e55fd819280be0b523a1c5d1257a2428",
        "is_verified": false,
        "line_number": 1165
      }
    ],
    "tests/integration/test_redis_task_queue_integration.py": [
      {
        "type": "Hex High Entropy String",
        "filename": "tests/integration/test_redis_task_queue_integration.py",
        "hashed_secret": "95d48052e55fd819280be0b523a1c5d1257a2428",
        "is_verified": false,
        "line_number": 583
      }
    ],
    "tests/reports/test_user_summary.py": [
      {
        "type": "Hex High Entropy String",
        "filename": "tests/reports/test_user_summary.py",
        "hashed_secret": "95d48052e55fd819280be0b523a1c5d1257a2428",
        "is_verified": false,
        "line_number": 48
      }
    ],
    "tests/tools/blue/test_grafana.py": [
      {
        "type": "Secret Keyword",
        "filename": "tests/tools/blue/test_grafana.py",
        "hashed_secret": "ee977806d7286510da8b9a7492ba58e2484c0ecc",
        "is_verified": false,
        "line_number": 877
      },
      {
        "type": "Secret Keyword",
        "filename": "tests/tools/blue/test_grafana.py",
        "hashed_secret": "28e2bca89d8c60c5115a5b9e6663519ec2c9903c",
        "is_verified": false,
        "line_number": 907
      },
      {
        "type": "Secret Keyword",
        "filename": "tests/tools/blue/test_grafana.py",
        "hashed_secret": "885ee543c9535c9cee178d43a982933a01c5d908",
        "is_verified": false,
        "line_number": 929
      },
      {
        "type": "Secret Keyword",
        "filename": "tests/tools/blue/test_grafana.py",
        "hashed_secret": "7ddcd00c1670e9cfd185b1f3598685e1054b9cca",
        "is_verified": false,
        "line_number": 971
      }
    ],
    "tests/tools/red/test_lateral_movement.py": [
      {
        "type": "Hex High Entropy String",
        "filename": "tests/tools/red/test_lateral_movement.py",
        "hashed_secret": "fe20c26f4948915bdaa0b509203ff7005d136a22",
        "is_verified": false,
        "line_number": 486
      }
    ]
  },
  "generated_at": "2026-04-07T05:26:25Z"
}
